Structure for TestFileDump.testDump.orc
File Version: 0.12 with ORC_135
Rows: 20000
Compression: ZLIB
Compression size: 4096
Type: struct<bytes1:binary,string1:string>

Stripe Statistics:
  Stripe 1:
    Column 0: count: 5000 hasNull: false bytesOnDisk: 0
    Column 1: count: 5000 hasNull: false bytesOnDisk: 174 sum: 15000
    Column 2: count: 2000 hasNull: true bytesOnDisk: 46 min: RG1 max: RG3 sum: 6000
  Stripe 2:
    Column 0: count: 5000 hasNull: false bytesOnDisk: 0
    Column 1: count: 5000 hasNull: false bytesOnDisk: 174 sum: 15000
    Column 2: count: 0 hasNull: true bytesOnDisk: 11
  Stripe 3:
    Column 0: count: 5000 hasNull: false bytesOnDisk: 0
    Column 1: count: 5000 hasNull: false bytesOnDisk: 174 sum: 15000
    Column 2: count: 5000 hasNull: false bytesOnDisk: 32 min: STRIPE-3 max: STRIPE-3 sum: 40000
  Stripe 4:
    Column 0: count: 5000 hasNull: false bytesOnDisk: 0
    Column 1: count: 5000 hasNull: false bytesOnDisk: 174 sum: 15000
    Column 2: count: 0 hasNull: true bytesOnDisk: 11

File Statistics:
  Column 0: count: 20000 hasNull: false bytesOnDisk: 0
  Column 1: count: 20000 hasNull: false bytesOnDisk: 696 sum: 60000
  Column 2: count: 7000 hasNull: true bytesOnDisk: 100 min: RG1 max: STRIPE-3 sum: 46000

Stripes:
  Stripe: offset: 3 data: 220 rows: 5000 tail: 65 index: 162
    Stream: column 0 section ROW_INDEX start: 3 length 19
    Stream: column 1 section ROW_INDEX start: 22 length 63
    Stream: column 2 section ROW_INDEX start: 85 length 80
    Stream: column 1 section DATA start: 165 length 159
    Stream: column 1 section LENGTH start: 324 length 15
    Stream: column 2 section PRESENT start: 339 length 13
    Stream: column 2 section DATA start: 352 length 18
    Stream: column 2 section LENGTH start: 370 length 6
    Stream: column 2 section DICTIONARY_DATA start: 376 length 9
    Encoding column 0: DIRECT
    Encoding column 1: DIRECT_V2
    Encoding column 2: DICTIONARY_V2[2]
    Row group indices for column 2:
      Entry 0: count: 1000 hasNull: false bytesOnDisk: 0 min: RG1 max: RG1 sum: 3000 positions: 0,0,0,0,0,0,0
      Entry 1: count: 0 hasNull: true bytesOnDisk: 0 positions: 0,0,125,0,0,4,488
      Entry 2: count: 1000 hasNull: false bytesOnDisk: 0 min: RG3 max: RG3 sum: 3000 positions: 0,2,125,0,0,4,488
      Entry 3: count: 0 hasNull: true bytesOnDisk: 0 positions: 0,4,125,0,0,12,488
      Entry 4: count: 0 hasNull: true bytesOnDisk: 0 positions: 0,6,125,0,0,12,488
  Stripe: offset: 450 data: 185 rows: 5000 tail: 64 index: 123
    Stream: column 0 section ROW_INDEX start: 450 length 19
    Stream: column 1 section ROW_INDEX start: 469 length 63
    Stream: column 2 section ROW_INDEX start: 532 length 41
    Stream: column 1 section DATA start: 573 length 159
    Stream: column 1 section LENGTH start: 732 length 15
    Stream: column 2 section PRESENT start: 747 length 11
    Stream: column 2 section DATA start: 758 length 0
    Stream: column 2 section LENGTH start: 758 length 0
    Stream: column 2 section DICTIONARY_DATA start: 758 length 0
    Encoding column 0: DIRECT
    Encoding column 1: DIRECT_V2
    Encoding column 2: DICTIONARY_V2[0]
    Row group indices for column 2:
      Entry 0: count: 0 hasNull: true bytesOnDisk: 0 positions: 0,0,0,0,0,0,0
      Entry 1: count: 0 hasNull: true bytesOnDisk: 0 positions: 0,0,125,0,0,0,0
      Entry 2: count: 0 hasNull: true bytesOnDisk: 0 positions: 0,2,120,0,0,0,0
      Entry 3: count: 0 hasNull: true bytesOnDisk: 0 positions: 0,4,115,0,0,0,0
      Entry 4: count: 0 hasNull: true bytesOnDisk: 0 positions: 0,6,110,0,0,0,0
  Stripe: offset: 822 data: 206 rows: 5000 tail: 60 index: 145
    Stream: column 0 section ROW_INDEX start: 822 length 19
    Stream: column 1 section ROW_INDEX start: 841 length 63
    Stream: column 2 section ROW_INDEX start: 904 length 63
    Stream: column 1 section DATA start: 967 length 159
    Stream: column 1 section LENGTH start: 1126 length 15
    Stream: column 2 section DATA start: 1141 length 15
    Stream: column 2 section LENGTH start: 1156 length 6
    Stream: column 2 section DICTIONARY_DATA start: 1162 length 11
    Encoding column 0: DIRECT
    Encoding column 1: DIRECT_V2
    Encoding column 2: DICTIONARY_V2[1]
    Row group indices for column 2:
      Entry 0: count: 1000 hasNull: false bytesOnDisk: 0 min: STRIPE-3 max: STRIPE-3 sum: 8000 positions: 0,0,0
      Entry 1: count: 1000 hasNull: false bytesOnDisk: 0 min: STRIPE-3 max: STRIPE-3 sum: 8000 positions: 0,4,488
      Entry 2: count: 1000 hasNull: false bytesOnDisk: 0 min: STRIPE-3 max: STRIPE-3 sum: 8000 positions: 0,12,464
      Entry 3: count: 1000 hasNull: false bytesOnDisk: 0 min: STRIPE-3 max: STRIPE-3 sum: 8000 positions: 0,20,440
      Entry 4: count: 1000 hasNull: false bytesOnDisk: 0 min: STRIPE-3 max: STRIPE-3 sum: 8000 positions: 0,28,416
  Stripe: offset: 1233 data: 185 rows: 5000 tail: 64 index: 123
    Stream: column 0 section ROW_INDEX start: 1233 length 19
    Stream: column 1 section ROW_INDEX start: 1252 length 63
    Stream: column 2 section ROW_INDEX start: 1315 length 41
    Stream: column 1 section DATA start: 1356 length 159
    Stream: column 1 section LENGTH start: 1515 length 15
    Stream: column 2 section PRESENT start: 1530 length 11
    Stream: column 2 section DATA start: 1541 length 0
    Stream: column 2 section LENGTH start: 1541 length 0
    Stream: column 2 section DICTIONARY_DATA start: 1541 length 0
    Encoding column 0: DIRECT
    Encoding column 1: DIRECT_V2
    Encoding column 2: DICTIONARY_V2[0]
    Row group indices for column 2:
      Entry 0: count: 0 hasNull: true bytesOnDisk: 0 positions: 0,0,0,0,0,0,0
      Entry 1: count: 0 hasNull: true bytesOnDisk: 0 positions: 0,0,125,0,0,0,0
      Entry 2: count: 0 hasNull: true bytesOnDisk: 0 positions: 0,2,120,0,0,0,0
      Entry 3: count: 0 hasNull: true bytesOnDisk: 0 positions: 0,4,115,0,0,0,0
      Entry 4: count: 0 hasNull: true bytesOnDisk: 0 positions: 0,6,110,0,0,0,0

File length: 1875 bytes
Padding length: 0 bytes
Padding ratio: 0%
________________________________________________________________________________________________________________________

